  Apple.cpp
  Camera.cpp
  CubeRenderer.cpp
  debout.cpp
C:\Users\user\snake_ogl\KGlab\CubeRenderer.cpp(8,13): warning C4244: инициализация: преобразование "double" в "float", возможна потеря данных
C:\Users\user\snake_ogl\KGlab\CubeRenderer.cpp(8,31): warning C4244: инициализация: преобразование "double" в "float", возможна потеря данных
C:\Users\user\snake_ogl\KGlab\CubeRenderer.cpp(8,49): warning C4244: инициализация: преобразование "double" в "float", возможна потеря данных
  GUItextRectangle.cpp
  Light.cpp
C:\Users\user\snake_ogl\KGlab\Light.cpp(143,23): warning C4305: инициализация: усечение из "double" в "GLfloat"
C:\Users\user\snake_ogl\KGlab\Light.cpp(143,28): warning C4305: инициализация: усечение из "double" в "GLfloat"
C:\Users\user\snake_ogl\KGlab\Light.cpp(143,33): warning C4305: инициализация: усечение из "double" в "GLfloat"
C:\Users\user\snake_ogl\KGlab\Light.cpp(145,23): warning C4305: инициализация: усечение из "double" в "GLfloat"
C:\Users\user\snake_ogl\KGlab\Light.cpp(145,28): warning C4305: инициализация: усечение из "double" в "GLfloat"
C:\Users\user\snake_ogl\KGlab\Light.cpp(145,33): warning C4305: инициализация: усечение из "double" в "GLfloat"
C:\Users\user\snake_ogl\KGlab\Light.cpp(149,28): warning C4838: Преобразование из "double" в "GLfloat" требует сужающего преобразования.
C:\Users\user\snake_ogl\KGlab\Light.cpp(149,28): warning C4244: инициализация: преобразование "double" в "GLfloat", возможна потеря данных
C:\Users\user\snake_ogl\KGlab\Light.cpp(149,34): warning C4838: Преобразование из "double" в "GLfloat" требует сужающего преобразования.
C:\Users\user\snake_ogl\KGlab\Light.cpp(149,34): warning C4244: инициализация: преобразование "double" в "GLfloat", возможна потеря данных
C:\Users\user\snake_ogl\KGlab\Light.cpp(149,40): warning C4838: Преобразование из "double" в "GLfloat" требует сужающего преобразования.
C:\Users\user\snake_ogl\KGlab\Light.cpp(149,40): warning C4244: инициализация: преобразование "double" в "GLfloat", возможна потеря данных
  main.cpp
  MyOGL.cpp
C:\Users\user\snake_ogl\KGlab\MyOGL.cpp(142,27): warning C4244: аргумент: преобразование "WPARAM" в "int", возможна потеря данных
C:\Users\user\snake_ogl\KGlab\MyOGL.cpp(145,29): warning C4244: аргумент: преобразование "WPARAM" в "int", возможна потеря данных
  MyShaders.cpp
  ObjLoader.cpp
  Render.cpp
  Snake.cpp
  Texture.cpp
  Создание кода...
  LINK : не найден или не выполнена сборка C:\Users\user\snake_ogl\x64\Debug\KGlab.exe при последней инкрементной компоновке; выполняется полная компоновка
  KGlab.vcxproj -> C:\Users\user\snake_ogl\x64\Debug\KGlab.exe
